This is pdfTeX, Version 3.14159265-2.6-1.40.20 (TeX Live 2019/Debian) (preloaded format=pdflatex 2026.8.23)  5 SEP 2026 12:59
entering extended mode
 restricted \write18 enabled.
 %&-line parsing enabled.
**main.tex
(./main.tex
LaTeX2e <2020-02-02> patch level 2
L3 programming layer <2020-02-14>
(/usr/share/texlive/texmf-dist/tex/latex/base/report.cls
Document Class: report 2019/12/20 v1.4l Standard LaTeX document class
(/usr/share/texlive/texmf-dist/tex/latex/base/size12.clo
File: size12.clo 2019/12/20 v1.4l Standard LaTeX file (size option)
)
\c@part=\count167
\c@chapter=\count168
\c@section=\count169
\c@subsection=\count170
\c@subsubsection=\count171
\c@paragraph=\count172
\c@subparagraph=\count173
\c@figure=\count174
\c@table=\count175
\abovecaptionskip=\skip47
\belowcaptionskip=\skip48
\bibindent=\dimen134
)
(/usr/share/texlive/texmf-dist/tex/generic/babel/babel.sty
Package: babel 2020/02/14 3.40 The Babel package

(/usr/share/texlive/texmf-dist/tex/generic/babel/switch.def
File: switch.def 2020/02/14 3.40 Babel switching mechanism
)
(/usr/share/texlive/texmf-dist/tex/generic/babel-italian/italian.ldf
Language: italian 2019/11/16 v.1.4.03 Italian support for the babel system

(/usr/share/texlive/texmf-dist/tex/generic/babel/babel.def
File: babel.def 2020/02/14 3.40 Babel common definitions
\babel@savecnt=\count176
\U@D=\dimen135

(/usr/share/texlive/texmf-dist/tex/generic/babel/txtbabel.def)
\bbl@readstream=\read2
\bbl@dirlevel=\count177
)
\it@lettering=\count178
\it@doublequoteactive=\count179
\it@ISOcompliance=\count180
))
(/usr/share/texlive/texmf-dist/tex/latex/etoolbox/etoolbox.sty
Package: etoolbox 2019/09/21 v2.5h e-TeX tools for LaTeX (JAW)
\etb@tempcnta=\count181
)
(/usr/share/texlive/texmf-dist/tex/latex/base/inputenc.sty
Package: inputenc 2018/08/11 v1.3c Input encoding file
\inpenc@prehook=\toks14
\inpenc@posthook=\toks15
)
(/usr/share/texlive/texmf-dist/tex/latex/base/fontenc.sty
Package: fontenc 2020/02/11 v2.0o Standard LaTeX package
)
(/usr/share/texlive/texmf-dist/tex/latex/amsmath/amsmath.sty
Package: amsmath 2020/01/20 v2.17e AMS math features
\@mathmargin=\skip49

For additional information on amsmath, use the `?' option.
(/usr/share/texlive/texmf-dist/tex/latex/amsmath/amstext.sty
Package: amstext 2000/06/29 v2.01 AMS text

(/usr/share/texlive/texmf-dist/tex/latex/amsmath/amsgen.sty
File: amsgen.sty 1999/11/30 v2.0 generic functions
\@emptytoks=\toks16
\ex@=\dimen136
))
(/usr/share/texlive/texmf-dist/tex/latex/amsmath/amsbsy.sty
Package: amsbsy 1999/11/29 v1.2d Bold Symbols
\pmbraise@=\dimen137
)
(/usr/share/texlive/texmf-dist/tex/latex/amsmath/amsopn.sty
Package: amsopn 2016/03/08 v2.02 operator names
)
\inf@bad=\count182
LaTeX Info: Redefining \frac on input line 227.
\uproot@=\count183
\leftroot@=\count184
LaTeX Info: Redefining \overline on input line 389.
\classnum@=\count185
\DOTSCASE@=\count186
LaTeX Info: Redefining \ldots on input line 486.
LaTeX Info: Redefining \dots on input line 489.
LaTeX Info: Redefining \cdots on input line 610.
\Mathstrutbox@=\box45
\strutbox@=\box46
\big@size=\dimen138
LaTeX Font Info:    Redeclaring font encoding OML on input line 733.
LaTeX Font Info:    Redeclaring font encoding OMS on input line 734.
\macc@depth=\count187
\c@MaxMatrixCols=\count188
\dotsspace@=\muskip16
\c@parentequation=\count189
\dspbrk@lvl=\count190
\tag@help=\toks17
\row@=\count191
\column@=\count192
\maxfields@=\count193
\andhelp@=\toks18
\eqnshift@=\dimen139
\alignsep@=\dimen140
\tagshift@=\dimen141
\tagwidth@=\dimen142
\totwidth@=\dimen143
\lineht@=\dimen144
\@envbody=\toks19
\multlinegap=\skip50
\multlinetaggap=\skip51
\mathdisplay@stack=\toks20
LaTeX Info: Redefining \[ on input line 2859.
LaTeX Info: Redefining \] on input line 2860.
)
(/usr/share/texlive/texmf-dist/tex/latex/amsfonts/amssymb.sty
Package: amssymb 2013/01/14 v3.01 AMS font symbols

(/usr/share/texlive/texmf-dist/tex/latex/amsfonts/amsfonts.sty
Package: amsfonts 2013/01/14 v3.01 Basic AMSFonts support
\symAMSa=\mathgroup4
\symAMSb=\mathgroup5
LaTeX Font Info:    Redeclaring math symbol \hbar on input line 98.
LaTeX Font Info:    Overwriting math alphabet `\mathfrak' in version `bold'
(Font)                  U/euf/m/n --> U/euf/b/n on input line 106.
))
(/usr/share/texlive/texmf-dist/tex/latex/graphics/graphicx.sty
Package: graphicx 2019/11/30 v1.2a Enhanced LaTeX Graphics (DPC,SPQR)

(/usr/share/texlive/texmf-dist/tex/latex/graphics/keyval.sty
Package: keyval 2014/10/28 v1.15 key=value parser (DPC)
\KV@toks@=\toks21
)
(/usr/share/texlive/texmf-dist/tex/latex/graphics/graphics.sty
Package: graphics 2019/11/30 v1.4a Standard LaTeX Graphics (DPC,SPQR)

(/usr/share/texlive/texmf-dist/tex/latex/graphics/trig.sty
Package: trig 2016/01/03 v1.10 sin cos tan (DPC)
)
(/usr/share/texlive/texmf-dist/tex/latex/graphics-cfg/graphics.cfg
File: graphics.cfg 2016/06/04 v1.11 sample graphics configuration
)
Package graphics Info: Driver file: pdftex.def on input line 105.

(/usr/share/texlive/texmf-dist/tex/latex/graphics-def/pdftex.def
File: pdftex.def 2018/01/08 v1.0l Graphics/color driver for pdftex
))
\Gin@req@height=\dimen145
\Gin@req@width=\dimen146
)
(/usr/share/texlive/texmf-dist/tex/latex/caption/subcaption.sty
Package: subcaption 2020/01/22 v1.3d Sub-captions (AR)

(/usr/share/texlive/texmf-dist/tex/latex/caption/caption.sty
Package: caption 2020/01/03 v3.4h Customizing captions (AR)

(/usr/share/texlive/texmf-dist/tex/latex/caption/caption3.sty
Package: caption3 2020/01/03 v1.8h caption3 kernel (AR)
Package caption3 Info: TeX engine: e-TeX on input line 61.
\captionmargin=\dimen147
\captionmargin@=\dimen148
\captionwidth=\dimen149
\caption@tempdima=\dimen150
\caption@indent=\dimen151
\caption@parindent=\dimen152
\caption@hangindent=\dimen153
Package caption Info: Standard document class detected.
)
\c@caption@flags=\count194
\c@continuedfloat=\count195
)
\c@subfigure=\count196
\c@subtable=\count197
)
(/usr/share/texlive/texmf-dist/tex/latex/booktabs/booktabs.sty
Package: booktabs 2020/01/12 v1.61803398 Publication quality tables
\heavyrulewidth=\dimen154
\lightrulewidth=\dimen155
\cmidrulewidth=\dimen156
\belowrulesep=\dimen157
\belowbottomsep=\dimen158
\aboverulesep=\dimen159
\abovetopsep=\dimen160
\cmidrulesep=\dimen161
\cmidrulekern=\dimen162
\defaultaddspace=\dimen163
\@cmidla=\count198
\@cmidlb=\count199
\@aboverulesep=\dimen164
\@belowrulesep=\dimen165
\@thisruleclass=\count266
\@lastruleclass=\count267
\@thisrulewidth=\dimen166
)
(/usr/share/texlive/texmf-dist/tex/latex/float/float.sty
Package: float 2001/11/08 v1.3d Float enhancements (AL)
\c@float@type=\count268
\float@exts=\toks22
\float@box=\box47
\@float@everytoks=\toks23
\@floatcapt=\box48
)
(/usr/share/texlive/texmf-dist/tex/latex/siunitx/siunitx.sty
(/usr/share/texlive/texmf-dist/tex/latex/l3kernel/expl3.sty
Package: expl3 2020-02-14 L3 programming layer (loader) 

(/usr/share/texlive/texmf-dist/tex/latex/l3backend/l3backend-pdfmode.def
File: l3backend-pdfmode.def 2020-02-03 L3 backend support: PDF mode
\l__kernel_color_stack_int=\count269
\l__pdf_internal_box=\box49
))
(/usr/share/texlive/texmf-dist/tex/latex/l3packages/xparse/xparse.sty
Package: xparse 2020-02-14 L3 Experimental document command parser
\l__xparse_current_arg_int=\count270
\g__xparse_grabber_int=\count271
\l__xparse_m_args_int=\count272
\l__xparse_v_nesting_int=\count273
)
Package: siunitx 2020/01/15 v2.7u A comprehensive (SI) units package

(/usr/share/texlive/texmf-dist/tex/latex/tools/array.sty
Package: array 2019/08/31 v2.4l Tabular extension package (FMi)
\col@sep=\dimen167
\ar@mcellbox=\box50
\extrarowheight=\dimen168
\NC@list=\toks24
\extratabsurround=\skip52
\backup@length=\skip53
\ar@cellbox=\box51
)
(/usr/share/texlive/texmf-dist/tex/latex/l3packages/l3keys2e/l3keys2e.sty
Package: l3keys2e 2020-02-14 LaTeX2e option processing using LaTeX3 keys
)
\l__siunitx_tmp_box=\box52
\l__siunitx_tmp_dim=\dimen169
\l__siunitx_tmp_int=\count274
\l__siunitx_number_mantissa_length_int=\count275
\l__siunitx_number_uncert_length_int=\count276
\l__siunitx_round_int=\count277
\l__siunitx_process_decimal_int=\count278
\l__siunitx_process_uncertainty_int=\count279
\l__siunitx_process_fixed_int=\count280
\l__siunitx_process_integer_min_int=\count281
\l__siunitx_process_precision_int=\count282
\l__siunitx_group_min_int=\count283
\l__siunitx_angle_marker_box=\box53
\l__siunitx_angle_unit_box=\box54
\l__siunitx_angle_marker_dim=\dimen170
\l__siunitx_angle_unit_dim=\dimen171
\l__siunitx_unit_int=\count284
\l__siunitx_unit_denominator_int=\count285
\l__siunitx_unit_numerator_int=\count286
\l__siunitx_unit_prefix_int=\count287
\l__siunitx_unit_prefix_base_int=\count288
\l__siunitx_unit_prefix_gram_int=\count289
\l__siunitx_number_product_int=\count290
\c__siunitx_one_fill_skip=\skip54
\l__siunitx_table_unit_align_skip=\skip55
\l__siunitx_table_exponent_dim=\dimen172
\l__siunitx_table_integer_dim=\dimen173
\l__siunitx_table_mantissa_dim=\dimen174
\l__siunitx_table_marker_dim=\dimen175
\l__siunitx_table_result_dim=\dimen176
\l__siunitx_table_uncert_dim=\dimen177
\l__siunitx_table_fill_pre_dim=\dimen178
\l__siunitx_table_fill_post_dim=\dimen179
\l__siunitx_table_fill_mid_dim=\dimen180
\l__siunitx_table_pre_box=\box55
\l__siunitx_table_post_box=\box56
\l__siunitx_table_mantissa_box=\box57
\l__siunitx_table_result_box=\box58
\l__siunitx_table_number_align_skip=\skip56
\l__siunitx_table_text_align_skip=\skip57

(/usr/share/texlive/texmf-dist/tex/latex/translator/translator.sty
Package: translator 2019-05-31 v1.12a Easy translation of strings in LaTeX
))
(/usr/share/texlive/texmf-dist/tex/latex/hyperref/hyperref.sty
Package: hyperref 2020/01/14 v7.00d Hypertext links for LaTeX

(/usr/share/texlive/texmf-dist/tex/generic/ltxcmds/ltxcmds.sty
Package: ltxcmds 2019/12/15 v1.24 LaTeX kernel commands for general use (HO)
)
(/usr/share/texlive/texmf-dist/tex/generic/iftex/iftex.sty
Package: iftex 2019/11/07 v1.0c TeX engine tests
)
(/usr/share/texlive/texmf-dist/tex/latex/pdftexcmds/pdftexcmds.sty
Package: pdftexcmds 2019/11/24 v0.31 Utility functions of pdfTeX for LuaTeX (HO
)

(/usr/share/texlive/texmf-dist/tex/generic/infwarerr/infwarerr.sty
Package: infwarerr 2019/12/03 v1.5 Providing info/warning/error messages (HO)
)
Package pdftexcmds Info: \pdf@primitive is available.
Package pdftexcmds Info: \pdf@ifprimitive is available.
Package pdftexcmds Info: \pdfdraftmode found.
)
(/usr/share/texlive/texmf-dist/tex/generic/kvsetkeys/kvsetkeys.sty
Package: kvsetkeys 2019/12/15 v1.18 Key value parser (HO)
)
(/usr/share/texlive/texmf-dist/tex/generic/kvdefinekeys/kvdefinekeys.sty
Package: kvdefinekeys 2019-12-19 v1.6 Define keys (HO)
)
(/usr/share/texlive/texmf-dist/tex/generic/pdfescape/pdfescape.sty
Package: pdfescape 2019/12/09 v1.15 Implements pdfTeX's escape features (HO)
)
(/usr/share/texlive/texmf-dist/tex/latex/hycolor/hycolor.sty
Package: hycolor 2020-01-27 v1.10 Color options for hyperref/bookmark (HO)
)
(/usr/share/texlive/texmf-dist/tex/latex/letltxmacro/letltxmacro.sty
Package: letltxmacro 2019/12/03 v1.6 Let assignment for LaTeX macros (HO)
)
(/usr/share/texlive/texmf-dist/tex/latex/auxhook/auxhook.sty
Package: auxhook 2019-12-17 v1.6 Hooks for auxiliary files (HO)
)
(/usr/share/texlive/texmf-dist/tex/latex/kvoptions/kvoptions.sty
Package: kvoptions 2019/11/29 v3.13 Key value format for package options (HO)
)
\@linkdim=\dimen181
\Hy@linkcounter=\count291
\Hy@pagecounter=\count292

(/usr/share/texlive/texmf-dist/tex/latex/hyperref/pd1enc.def
File: pd1enc.def 2020/01/14 v7.00d Hyperref: PDFDocEncoding definition (HO)
Now handling font encoding PD1 ...
... no UTF-8 mapping file for font encoding PD1
)
(/usr/share/texlive/texmf-dist/tex/generic/intcalc/intcalc.sty
Package: intcalc 2019/12/15 v1.3 Expandable calculations with integers (HO)
)
(/usr/share/texlive/texmf-dist/tex/generic/etexcmds/etexcmds.sty
Package: etexcmds 2019/12/15 v1.7 Avoid name clashes with e-TeX commands (HO)
)
\Hy@SavedSpaceFactor=\count293
\pdfmajorversion=\count294
Package hyperref Info: Hyper figures OFF on input line 4547.
Package hyperref Info: Link nesting OFF on input line 4552.
Package hyperref Info: Hyper index ON on input line 4555.
Package hyperref Info: Plain pages OFF on input line 4562.
Package hyperref Info: Backreferencing OFF on input line 4567.
Package hyperref Info: Implicit mode ON; LaTeX internals redefined.
Package hyperref Info: Bookmarks ON on input line 4800.
\c@Hy@tempcnt=\count295

(/usr/share/texlive/texmf-dist/tex/latex/url/url.sty
\Urlmuskip=\muskip17
Package: url 2013/09/16  ver 3.4  Verb mode for urls, etc.
)
LaTeX Info: Redefining \url on input line 5159.
\XeTeXLinkMargin=\dimen182

(/usr/share/texlive/texmf-dist/tex/generic/bitset/bitset.sty
Package: bitset 2019/12/09 v1.3 Handle bit-vector datatype (HO)

(/usr/share/texlive/texmf-dist/tex/generic/bigintcalc/bigintcalc.sty
Package: bigintcalc 2019/12/15 v1.5 Expandable calculations on big integers (HO
)
))
\Fld@menulength=\count296
\Field@Width=\dimen183
\Fld@charsize=\dimen184
Package hyperref Info: Hyper figures OFF on input line 6430.
Package hyperref Info: Link nesting OFF on input line 6435.
Package hyperref Info: Hyper index ON on input line 6438.
Package hyperref Info: backreferencing OFF on input line 6445.
Package hyperref Info: Link coloring OFF on input line 6450.
Package hyperref Info: Link coloring with OCG OFF on input line 6455.
Package hyperref Info: PDF/A mode OFF on input line 6460.
LaTeX Info: Redefining \ref on input line 6500.
LaTeX Info: Redefining \pageref on input line 6504.

(/usr/share/texlive/texmf-dist/tex/generic/atbegshi/atbegshi.sty
Package: atbegshi 2019/12/05 v1.19 At begin shipout hook (HO)
)
\Hy@abspage=\count297
\c@Item=\count298
\c@Hfootnote=\count299
)
Package hyperref Info: Driver (autodetected): hpdftex.

(/usr/share/texlive/texmf-dist/tex/latex/hyperref/hpdftex.def
File: hpdftex.def 2020/01/14 v7.00d Hyperref driver for pdfTeX

(/usr/share/texlive/texmf-dist/tex/latex/atveryend/atveryend.sty
Package: atveryend 2019-12-11 v1.11 Hooks at the very end of document (HO)
)
\Fld@listcount=\count300
\c@bookmark@seq@number=\count301

(/usr/share/texlive/texmf-dist/tex/latex/rerunfilecheck/rerunfilecheck.sty
Package: rerunfilecheck 2019/12/05 v1.9 Rerun checks for auxiliary files (HO)

(/usr/share/texlive/texmf-dist/tex/generic/uniquecounter/uniquecounter.sty
Package: uniquecounter 2019/12/15 v1.4 Provide unlimited unique counter (HO)
)
Package uniquecounter Info: New unique counter `rerunfilecheck' on input line 2
86.
)
\Hy@SectionHShift=\skip58
)
(/usr/share/texlive/texmf-dist/tex/latex/cleveref/cleveref.sty
Package: cleveref 2018/03/27 v0.21.4 Intelligent cross-referencing
Package cleveref Info: `hyperref' support loaded on input line 2370.
LaTeX Info: Redefining \cref on input line 2370.
LaTeX Info: Redefining \Cref on input line 2370.
LaTeX Info: Redefining \crefrange on input line 2370.
LaTeX Info: Redefining \Crefrange on input line 2370.
LaTeX Info: Redefining \cpageref on input line 2370.
LaTeX Info: Redefining \Cpageref on input line 2370.
LaTeX Info: Redefining \cpagerefrange on input line 2370.
LaTeX Info: Redefining \Cpagerefrange on input line 2370.
LaTeX Info: Redefining \labelcref on input line 2370.
LaTeX Info: Redefining \labelcpageref on input line 2370.
)
(/usr/share/texlive/texmf-dist/tex/latex/tocbibind/tocbibind.sty
Package: tocbibind 2010/10/13 v1.5k extra ToC listings
Package tocbibind Info: The document has chapter divisions on input line 50.


Package tocbibind Note: Using chapter style headings, unless overridden.

) (/usr/share/texlive/texmf-dist/tex/latex/listings/listings.sty
\lst@mode=\count302
\lst@gtempboxa=\box59
\lst@token=\toks25
\lst@length=\count303
\lst@currlwidth=\dimen185
\lst@column=\count304
\lst@pos=\count305
\lst@lostspace=\dimen186
\lst@width=\dimen187
\lst@newlines=\count306
\lst@lineno=\count307
\lst@maxwidth=\dimen188

(/usr/share/texlive/texmf-dist/tex/latex/listings/lstmisc.sty
File: lstmisc.sty 2019/09/10 1.8c (Carsten Heinz)
\c@lstnumber=\count308
\lst@skipnumbers=\count309
\lst@framebox=\box60
)
(/usr/share/texlive/texmf-dist/tex/latex/listings/listings.cfg
File: listings.cfg 2019/09/10 1.8c listings configuration
))
Package: listings 2019/09/10 1.8c (Carsten Heinz)

(/usr/share/texlive/texmf-dist/tex/latex/xcolor/xcolor.sty
Package: xcolor 2016/05/11 v2.12 LaTeX color extensions (UK)

(/usr/share/texlive/texmf-dist/tex/latex/graphics-cfg/color.cfg
File: color.cfg 2016/01/02 v1.6 sample color configuration
)
Package xcolor Info: Driver file: pdftex.def on input line 225.
Package xcolor Info: Model `cmy' substituted by `cmy0' on input line 1348.
Package xcolor Info: Model `hsb' substituted by `rgb' on input line 1352.
Package xcolor Info: Model `RGB' extended on input line 1364.
Package xcolor Info: Model `HTML' substituted by `rgb' on input line 1366.
Package xcolor Info: Model `Hsb' substituted by `hsb' on input line 1367.
Package xcolor Info: Model `tHsb' substituted by `hsb' on input line 1368.
Package xcolor Info: Model `HSB' substituted by `hsb' on input line 1369.
Package xcolor Info: Model `Gray' substituted by `gray' on input line 1370.
Package xcolor Info: Model `wave' substituted by `hsb' on input line 1371.
)
(/usr/share/texlive/texmf-dist/tex/latex/listings/lstlang1.sty
File: lstlang1.sty 2019/09/10 1.8c listings language file
)
(/usr/share/texlive/texmf-dist/tex/latex/listings/lstlang1.sty
File: lstlang1.sty 2019/09/10 1.8c listings language file
)
(/usr/share/texlive/texmf-dist/tex/latex/listings/lstmisc.sty
File: lstmisc.sty 2019/09/10 1.8c (Carsten Heinz)
) (./main.aux)
\openout1 = `main.aux'.

LaTeX Font Info:    Checking defaults for OML/cmm/m/it on input line 40.
LaTeX Font Info:    ... okay on input line 40.
LaTeX Font Info:    Checking defaults for OMS/cmsy/m/n on input line 40.
LaTeX Font Info:    ... okay on input line 40.
LaTeX Font Info:    Checking defaults for OT1/cmr/m/n on input line 40.
LaTeX Font Info:    ... okay on input line 40.
LaTeX Font Info:    Checking defaults for T1/cmr/m/n on input line 40.
LaTeX Font Info:    ... okay on input line 40.
LaTeX Font Info:    Checking defaults for TS1/cmr/m/n on input line 40.
LaTeX Font Info:    ... okay on input line 40.
LaTeX Font Info:    Checking defaults for OMX/cmex/m/n on input line 40.
LaTeX Font Info:    ... okay on input line 40.
LaTeX Font Info:    Checking defaults for U/cmr/m/n on input line 40.
LaTeX Font Info:    ... okay on input line 40.
LaTeX Font Info:    Checking defaults for PD1/pdf/m/n on input line 40.
LaTeX Font Info:    ... okay on input line 40.
LaTeX Info: Redefining \it@ocap on input line 40.
LaTeX Info: Redefining \it@ccap on input line 40.

(/usr/share/texlive/texmf-dist/tex/context/base/mkii/supp-pdf.mkii
[Loading MPS to PDF converter (version 2006.09.02).]
\scratchcounter=\count310
\scratchdimen=\dimen189
\scratchbox=\box61
\nofMPsegments=\count311
\nofMParguments=\count312
\everyMPshowfont=\toks26
\MPscratchCnt=\count313
\MPscratchDim=\dimen190
\MPnumerator=\count314
\makeMPintoPDFobject=\count315
\everyMPtoPDFconversion=\toks27
) (/usr/share/texlive/texmf-dist/tex/latex/epstopdf-pkg/epstopdf-base.sty
Package: epstopdf-base 2020-01-24 v2.11 Base part for package epstopdf
Package epstopdf-base Info: Redefining graphics rule for `.eps' on input line 4
85.

(/usr/share/texlive/texmf-dist/tex/latex/latexconfig/epstopdf-sys.cfg
File: epstopdf-sys.cfg 2010/07/13 v1.3 Configuration of (r)epstopdf for TeX Liv
e
))
Package caption Info: Begin \AtBeginDocument code.
Package caption Info: float package is loaded.
Package caption Info: hyperref package is loaded.
Package caption Info: listings package is loaded.
Package caption Info: End \AtBeginDocument code.

(/usr/share/texlive/texmf-dist/tex/latex/translator/translator-basic-dictionary
-English.dict
Dictionary: translator-basic-dictionary, Language: English 
)
(/usr/share/texlive/texmf-dist/tex/latex/siunitx/siunitx-abbreviations.cfg
File: siunitx-abbreviations.cfg 2017/11/26 v2.7k siunitx: Abbreviated units
)
\AtBeginShipoutBox=\box62
Package hyperref Info: Link coloring OFF on input line 40.

(/usr/share/texlive/texmf-dist/tex/latex/hyperref/nameref.sty
Package: nameref 2019/09/16 v2.46 Cross-referencing by name of section

(/usr/share/texlive/texmf-dist/tex/latex/refcount/refcount.sty
Package: refcount 2019/12/15 v3.6 Data extraction from label references (HO)
)
(/usr/share/texlive/texmf-dist/tex/generic/gettitlestring/gettitlestring.sty
Package: gettitlestring 2019/12/15 v1.6 Cleanup title references (HO)
)
\c@section@level=\count316
)
LaTeX Info: Redefining \ref on input line 40.
LaTeX Info: Redefining \pageref on input line 40.
LaTeX Info: Redefining \nameref on input line 40.

(./main.out) (./main.out)
\@outlinefile=\write3
\openout3 = `main.out'.

\c@lstlisting=\count317
LaTeX Font Info:    Trying to load font information for U+msa on input line 40.


(/usr/share/texlive/texmf-dist/tex/latex/amsfonts/umsa.fd
File: umsa.fd 2013/01/14 v3.01 AMS symbols A
)
LaTeX Font Info:    Trying to load font information for U+msb on input line 40.


(/usr/share/texlive/texmf-dist/tex/latex/amsfonts/umsb.fd
File: umsb.fd 2013/01/14 v3.01 AMS symbols B
)

LaTeX Warning: No \author given.

[1

{/var/lib/texmf/fonts/map/pdftex/updmap/pdftex.map}] [1

] [2

] (./main.toc
[3])
\tf@toc=\write4
\openout4 = `main.toc'.

 [4] (./main.lof
LaTeX Font Info:    Trying to load font information for T1+cmtt on input line 1
4.
 (/usr/share/texlive/texmf-dist/tex/latex/base/t1cmtt.fd
File: t1cmtt.fd 2019/12/16 v2.5j Standard LaTeX font definitions
)
[5

])
\tf@lof=\write5
\openout5 = `main.lof'.

 [6]
Capitolo 1.
(./capitoli/introduzione.tex
<figure_tesi/Application-of-cobots-in-the-manufacturing-process.png, id=309, 85
3.1875pt x 568.1225pt>
File: figure_tesi/Application-of-cobots-in-the-manufacturing-process.png Graphi
c file (type png)
<use figure_tesi/Application-of-cobots-in-the-manufacturing-process.png>
Package pdftex.def Info: figure_tesi/Application-of-cobots-in-the-manufacturing
-process.png  used on input line 10.
(pdftex.def)             Requested size: 312.00119pt x 207.75742pt.
pdfTeX warning (ext4): destination with the same identifier (name{page.1}) has 
been already used, duplicate ignored
<to be read again> 
                   \relax 
l.16 
      [1


]
Underfull \vbox (badness 1043) has occurred while \output is active []

 [2 <./figure_tesi/Application-of-cobots-in-the-manufacturing-process.png>]
<figure_tesi/Speed-and-separation-monitoringVillani-et-al-2018.png, id=327, 386
.44376pt x 291.0875pt>
File: figure_tesi/Speed-and-separation-monitoringVillani-et-al-2018.png Graphic
 file (type png)
<use figure_tesi/Speed-and-separation-monitoringVillani-et-al-2018.png>
Package pdftex.def Info: figure_tesi/Speed-and-separation-monitoringVillani-et-
al-2018.png  used on input line 35.
(pdftex.def)             Requested size: 195.0pt x 146.88475pt.

Underfull \hbox (badness 1199) in paragraph at lines 36--36
[]\T1/cmr/m/n/12 Figura 1.2: |Rap-pre-sen-ta-zio-ne sche-ma-ti-ca del prin-ci-p
io di Speed and
 []


Underfull \vbox (badness 2277) has occurred while \output is active []

 [3]
Underfull \vbox (badness 10000) has occurred while \output is active []

 [4 <./figure_tesi/Speed-and-separation-monitoringVillani-et-al-2018.png>] [5])
 [6]
Capitolo 2.
(./capitoli/approcci.tex
<figure_tesi/SSL.png, id=357, 162.6075pt x 322.20375pt>
File: figure_tesi/SSL.png Graphic file (type png)
<use figure_tesi/SSL.png>
Package pdftex.def Info: figure_tesi/SSL.png  used on input line 18.
(pdftex.def)             Requested size: 77.99881pt x 154.55771pt.
 [7

]
<figure_tesi/robot.png, id=366, 1391.4384pt x 657.657pt>
File: figure_tesi/robot.png Graphic file (type png)
<use figure_tesi/robot.png>
Package pdftex.def Info: figure_tesi/robot.png  used on input line 35.
(pdftex.def)             Requested size: 390.0pt x 184.33336pt.
<figure_tesi/robot_capsule.png, id=367, 1391.4384pt x 657.657pt>
File: figure_tesi/robot_capsule.png Graphic file (type png)
<use figure_tesi/robot_capsule.png>
Package pdftex.def Info: figure_tesi/robot_capsule.png  used on input line 42.
(pdftex.def)             Requested size: 390.0pt x 184.33336pt.

Underfull \vbox (badness 6236) has occurred while \output is active []

 [8 <./figure_tesi/SSL.png>] [9 <./figure_tesi/robot.png (PNG copy)> <./figure_
tesi/robot_capsule.png (PNG copy)>] [10]
<figure_tesi/distanza_segmenti_corretta.png, id=391, 412.6617pt x 419.166pt>
File: figure_tesi/distanza_segmenti_corretta.png Graphic file (type png)
<use figure_tesi/distanza_segmenti_corretta.png>
Package pdftex.def Info: figure_tesi/distanza_segmenti_corretta.png  used on in
put line 96.
(pdftex.def)             Requested size: 195.0pt x 198.06978pt.
 [11 <./figure_tesi/distanza_segmenti_corretta.png>] [12]
<figure_tesi/arresto_morbido.png, id=408, 1391.4384pt x 743.8992pt>
File: figure_tesi/arresto_morbido.png Graphic file (type png)
<use figure_tesi/arresto_morbido.png>
Package pdftex.def Info: figure_tesi/arresto_morbido.png  used on input line 14
4.
(pdftex.def)             Requested size: 390.0pt x 208.50603pt.
 [13 <./figure_tesi/arresto_morbido.png (PNG copy)>] [14] [15] [16]
[17]) [18]
Capitolo 3.
(./capitoli/implementazione.tex
<figure_tesi/robot_reale.png, id=472, 2677.00125pt x 4015.0pt>
File: figure_tesi/robot_reale.png Graphic file (type png)
<use figure_tesi/robot_reale.png>
Package pdftex.def Info: figure_tesi/robot_reale.png  used on input line 7.
(pdftex.def)             Requested size: 155.99762pt x 233.96678pt.
 [19

 <./figure_tesi/robot_reale.png>]
Overfull \hbox (0.93207pt too wide) in paragraph at lines 18--19
[]\T1/cmr/bx/n/12 Apprendimento per di-mo-stra-zio-ne: \T1/cmr/m/n/12 Pro-gram-
ma-zio-ne in-tui-ti-va tra-
 []

[20]
LaTeX Font Info:    Font shape `T1/cmtt/bx/n' in size <10.95> not available
(Font)              Font shape `T1/cmtt/m/n' tried instead on input line 50.
 [21]
LaTeX Font Info:    Font shape `T1/cmtt/bx/n' in size <12> not available
(Font)              Font shape `T1/cmtt/m/n' tried instead on input line 74.
 [22] [23]
<figure_tesi/coppie_1.png, id=517, 800.2698pt x 482.2818pt>
File: figure_tesi/coppie_1.png Graphic file (type png)
<use figure_tesi/coppie_1.png>
Package pdftex.def Info: figure_tesi/coppie_1.png  used on input line 122.
(pdftex.def)             Requested size: 187.19833pt x 112.81374pt.
<figure_tesi/coppie_2.png, id=518, 800.2698pt x 482.2818pt>
File: figure_tesi/coppie_2.png Graphic file (type png)
<use figure_tesi/coppie_2.png>
Package pdftex.def Info: figure_tesi/coppie_2.png  used on input line 129.
(pdftex.def)             Requested size: 187.19833pt x 112.81374pt.
<figure_tesi/coppie_3.png, id=519, 800.2698pt x 482.2818pt>
File: figure_tesi/coppie_3.png Graphic file (type png)
<use figure_tesi/coppie_3.png>
Package pdftex.def Info: figure_tesi/coppie_3.png  used on input line 138.
(pdftex.def)             Requested size: 187.19833pt x 112.81374pt.
<figure_tesi/coppie_4.png, id=520, 800.2698pt x 482.2818pt>
File: figure_tesi/coppie_4.png Graphic file (type png)
<use figure_tesi/coppie_4.png>
Package pdftex.def Info: figure_tesi/coppie_4.png  used on input line 144.
(pdftex.def)             Requested size: 187.19833pt x 112.81374pt.
<figure_tesi/coppie_5.png, id=521, 800.2698pt x 482.2818pt>
File: figure_tesi/coppie_5.png Graphic file (type png)
<use figure_tesi/coppie_5.png>
Package pdftex.def Info: figure_tesi/coppie_5.png  used on input line 153.
(pdftex.def)             Requested size: 187.19833pt x 112.81374pt.
<figure_tesi/coppie_6.png, id=522, 800.2698pt x 482.2818pt>
File: figure_tesi/coppie_6.png Graphic file (type png)
<use figure_tesi/coppie_6.png>
Package pdftex.def Info: figure_tesi/coppie_6.png  used on input line 160.
(pdftex.def)             Requested size: 187.19833pt x 112.81374pt.
<figure_tesi/coppie_7.png, id=523, 800.2698pt x 482.2818pt>
File: figure_tesi/coppie_7.png Graphic file (type png)
<use figure_tesi/coppie_7.png>
Package pdftex.def Info: figure_tesi/coppie_7.png  used on input line 168.
(pdftex.def)             Requested size: 187.19833pt x 112.81374pt.


LaTeX Warning: Float too large for page by 13.79765pt on input line 177.

[24] [25 <./figure_tesi/coppie_1.png (PNG copy)> <./figure_tesi/coppie_2.png (P
NG copy)> <./figure_tesi/coppie_3.png (PNG copy)> <./figure_tesi/coppie_4.png (
PNG copy)> <./figure_tesi/coppie_5.png (PNG copy)> <./figure_tesi/coppie_6.png 
(PNG copy)> <./figure_tesi/coppie_7.png (PNG copy)>]
Package hyperref Info: bookmark level for unknown lstlisting defaults to 0 on i
nput line 185.

Underfull \hbox (badness 4096) in paragraph at lines 185--185
[]\T1/cmr/m/n/12 Listing 3.1: |Im-ple-men-ta-zio-ne del con-trol-lo idea-le nel
-l'am-bien-te di
 []


Underfull \vbox (badness 1708) has occurred while \output is active []

 [26]
[27] [28]
Underfull \vbox (badness 10000) has occurred while \output is active []

 [29]
Overfull \hbox (30.6556pt too wide) in paragraph at lines 321--344
 [][] 
 []

[30] [31]
Overfull \hbox (6.68123pt too wide) in paragraph at lines 371--372
\T1/cmr/m/n/12 sol-le-va la con-di-zio-ne di fi-ne mo-vi-men-to (\T1/cmtt/m/n/1
2 franka::MotionFinished\T1/cmr/m/n/12 )
 []

[32]

Package caption Warning: \label without proper reference on input line 382.
See the caption package documentation for explanation.


LaTeX Warning: Reference `fig:architettura_macchina_stati' on page 33 undefined
 on input line 377.

<figure_tesi/schema_controllo.png, id=663, 1445.4pt x 813.0375pt>
File: figure_tesi/schema_controllo.png Graphic file (type png)
<use figure_tesi/schema_controllo.png>
Package pdftex.def Info: figure_tesi/schema_controllo.png  used on input line 3
81.
(pdftex.def)             Requested size: 312.00119pt x 175.49438pt.
[33 <./figure_tesi/schema_controllo.png (PNG copy)>] [34] [35] [36] [37]
Underfull \hbox (badness 4872) in paragraph at lines 518--518
[]\T1/cmr/m/n/12 Listing 3.3: |Di-scre-tiz-za-zio-ne di Tu-stin ed evo-lu-zio-n
e del-lo sta-to
 []

[38]) [39] [40

]
Capitolo 4.
(./capitoli/risultati.tex
<figure_tesi/velocit_giunti_reale_PC.png, id=770, 800.2698pt x 482.2818pt>
File: figure_tesi/velocit_giunti_reale_PC.png Graphic file (type png)
<use figure_tesi/velocit_giunti_reale_PC.png>
Package pdftex.def Info: figure_tesi/velocit_giunti_reale_PC.png  used on input
 line 15.
(pdftex.def)             Requested size: 331.50238pt x 199.78261pt.
<figure_tesi/joint_speed_compensated_TC.png, id=771, 1339.1631pt x 716.1957pt>
File: figure_tesi/joint_speed_compensated_TC.png Graphic file (type png)
<use figure_tesi/joint_speed_compensated_TC.png>
Package pdftex.def Info: figure_tesi/joint_speed_compensated_TC.png  used on in
put line 22.
(pdftex.def)             Requested size: 331.50238pt x 177.28903pt.
 [41] [42 <./figure_tesi/velocit_giunti_reale_PC.png (PNG copy)> <./figure_tesi
/joint_speed_compensated_TC.png>]
<figure_tesi/speed_calibrated_1stop_TC.png, id=788, 1339.1631pt x 716.1957pt>
File: figure_tesi/speed_calibrated_1stop_TC.png Graphic file (type png)
<use figure_tesi/speed_calibrated_1stop_TC.png>
Package pdftex.def Info: figure_tesi/speed_calibrated_1stop_TC.png  used on inp
ut line 47.
(pdftex.def)             Requested size: 331.50238pt x 177.28903pt.
<figure_tesi/duration_1stop_TC.png, id=789, 1391.4384pt x 657.657pt>
File: figure_tesi/duration_1stop_TC.png Graphic file (type png)
<use figure_tesi/duration_1stop_TC.png>
Package pdftex.def Info: figure_tesi/duration_1stop_TC.png  used on input line 
54.
(pdftex.def)             Requested size: 331.50238pt x 156.67683pt.
<figure_tesi/raggi_capsule_1stop_TC.png, id=790, 1391.4384pt x 657.657pt>
File: figure_tesi/raggi_capsule_1stop_TC.png Graphic file (type png)
<use figure_tesi/raggi_capsule_1stop_TC.png>
Package pdftex.def Info: figure_tesi/raggi_capsule_1stop_TC.png  used on input 
line 61.
(pdftex.def)             Requested size: 331.50238pt x 156.67683pt.
) [43] [44 <./figure_tesi/speed_calibrated_1stop_TC.png> <./figure_tesi/duratio
n_1stop_TC.png (PNG copy)>] [45 <./figure_tesi/raggi_capsule_1stop_TC.png (PNG 
copy)>] [46

]
Capitolo 5.
(./capitoli/conclusioni.tex) (./main.bbl [47] [48

]
Underfull \hbox (badness 1259) in paragraph at lines 27--32
[]\T1/cmr/m/n/12 J. A. Mar-vel and R. Nor-cross.  Im-ple-men-ting speed and se-
pa-
 []

[49] [50])
Package atveryend Info: Empty hook `BeforeClearDocument' on input line 82.
 [51]
Package atveryend Info: Empty hook `AfterLastShipout' on input line 82.
 (./main.aux)
Package atveryend Info: Executing hook `AtVeryEndDocument' on input line 82.
Package atveryend Info: Executing hook `AtEndAfterFileList' on input line 82.
Package rerunfilecheck Info: File `main.out' has not changed.
(rerunfilecheck)             Checksum: BA86C66DB20B65F33517D0C58F5F524C;3330.


LaTeX Warning: There were undefined references.

 ) 
Here is how much of TeX's memory you used:
 16259 strings out of 483099
 290271 string characters out of 5964234
 856198 words of memory out of 5000000
 30676 multiletter control sequences out of 15000+600000
 559114 words of font info for 96 fonts, out of 8000000 for 9000
 59 hyphenation exceptions out of 8191
 48i,13n,60p,865b,2326s stack positions out of 5000i,500n,10000p,200000b,80000s
 </home/alessandro/.texlive2019/texmf-var/fonts/pk/ljfour/jknappen/ec/ecit120
0.600pk> </home/alessandro/.texlive2019/texmf-var/fonts/pk/ljfour/jknappen/ec/e
ctt1095.600pk> </home/alessandro/.texlive2019/texmf-var/fonts/pk/ljfour/jknappe
n/ec/ecbi1200.600pk> </home/alessandro/.texlive2019/texmf-var/fonts/pk/ljfour/j
knappen/ec/ecbi1440.600pk> </home/alessandro/.texlive2019/texmf-var/fonts/pk/lj
four/jknappen/ec/ecbi1728.600pk> </home/alessandro/.texlive2019/texmf-var/fonts
/pk/ljfour/jknappen/ec/ecrm0600.600pk> </home/alessandro/.texlive2019/texmf-var
/fonts/pk/ljfour/jknappen/ec/ecrm1095.600pk> </home/alessandro/.texlive2019/tex
mf-var/fonts/pk/ljfour/jknappen/ec/ecbx1440.600pk> </home/alessandro/.texlive20
19/texmf-var/fonts/pk/ljfour/jknappen/ec/tcrm1200.600pk> </home/alessandro/.tex
live2019/texmf-var/fonts/pk/ljfour/jknappen/ec/ecbx1728.600pk> </home/alessandr
o/.texlive2019/texmf-var/fonts/pk/ljfour/jknappen/ec/ecrm0800.600pk> </home/ale
ssandro/.texlive2019/texmf-var/fonts/pk/ljfour/jknappen/ec/ectt1200.600pk> </ho
me/alessandro/.texlive2019/texmf-var/fonts/pk/ljfour/jknappen/ec/ecti1200.600pk
> </home/alessandro/.texlive2019/texmf-var/fonts/pk/ljfour/jknappen/ec/ecbx1200
.600pk> </home/alessandro/.texlive2019/texmf-var/fonts/pk/ljfour/jknappen/ec/ec
rm1200.600pk> </home/alessandro/.texlive2019/texmf-var/fonts/pk/ljfour/jknappen
/ec/ecbx2488.600pk> </home/alessandro/.texlive2019/texmf-var/fonts/pk/ljfour/jk
nappen/ec/ecrm1440.600pk> </home/alessandro/.texlive2019/texmf-var/fonts/pk/ljf
our/jknappen/ec/ecrm2074.600pk></usr/share/texlive/texmf-dist/fonts/type1/publi
c/amsfonts/cm/cmbsy10.pfb></usr/share/texlive/texmf-dist/fonts/type1/public/ams
fonts/cm/cmbx12.pfb></usr/share/texlive/texmf-dist/fonts/type1/public/amsfonts/
cm/cmex10.pfb></usr/share/texlive/texmf-dist/fonts/type1/public/amsfonts/cm/cmm
i12.pfb></usr/share/texlive/texmf-dist/fonts/type1/public/amsfonts/cm/cmmi6.pfb
></usr/share/texlive/texmf-dist/fonts/type1/public/amsfonts/cm/cmmi8.pfb></usr/
share/texlive/texmf-dist/fonts/type1/public/amsfonts/cm/cmmib10.pfb></usr/share
/texlive/texmf-dist/fonts/type1/public/amsfonts/cm/cmr12.pfb></usr/share/texliv
e/texmf-dist/fonts/type1/public/amsfonts/cm/cmr6.pfb></usr/share/texlive/texmf-
dist/fonts/type1/public/amsfonts/cm/cmr8.pfb></usr/share/texlive/texmf-dist/fon
ts/type1/public/amsfonts/cm/cmsy10.pfb></usr/share/texlive/texmf-dist/fonts/typ
e1/public/amsfonts/cm/cmsy8.pfb></usr/share/texlive/texmf-dist/fonts/type1/publ
ic/amsfonts/symbols/msbm10.pfb>
Output written on main.pdf (58 pages, 15538835 bytes).
PDF statistics:
 1604 PDF objects out of 1728 (max. 8388607)
 887 compressed objects within 9 object streams
 315 named destinations out of 1000 (max. 500000)
 434 words of extra memory for PDF output out of 10000 (max. 10000000)

